[backblue.gif]
[fade.gif]
[index.html]
[ajax.googleapis.com/ajax/libs/webfont/1/webfont.js]
[localhost/feed/index.html]
[localhost/comments/feed/index.html]
[localhost/wp-includes/js/jquery/jquery.min5aed.js]
[localhost/wp-includes/js/jquery/jquery-migrate.min6b00.js]
[localhost/xmlrpc0db0.php]
[localhost/wp-includes/wlwmanifest.xml]
[localhost/wp-content/uploads/2023/07/سيدتي-removebg-preview.png]
[localhost/wp-json/index.html]
[localhost/wp-content/uploads/2023/07/263474.jpg]
[localhost/wp-content/uploads/2023/07/pexels-luca-sammarco-6162932_0.jpg]
[localhost/wp-content/uploads/2023/07/9dfg_0.jpg]
[localhost/wp-content/uploads/2023/07/268935.jpg]
[localhost/wp-content/uploads/2023/07/أضرار_وفوائد_حبوب_الكولاجين.jpg]
[localhost/wp-content/uploads/2023/07/فيتامين-أ.jpg]
[localhost/wp-content/themes/jannah/assets/js/scripts.mina086.js]
[localhost/wp-content/themes/jannah/assets/ilightbox/lightboxa086.js]
[localhost/wp-content/themes/jannah/assets/js/sliders.mina086.js]
[localhost/wp-content/themes/jannah/assets/js/shortcodesa086.js]
[localhost/wp-content/themes/jannah/assets/js/desktop.mina086.js]
[localhost/wp-content/themes/jannah/assets/js/live-searcha086.js]
[localhost/wp-includes/js/imagesloaded.mineda1.js]
[localhost/wp-includes/js/masonry.min3a05.js]
[localhost/wp-includes/js/jquery/jquery.masonry.minef70.js]
[localhost/index.html]
[gmpg.org/xfn/11.0.delayed]
[gmpg.org/xfn/11.0.delayed]
[localhost/wp-content/themes/jannah/assets/css/base.mina086.css]
[localhost/wp-content/themes/jannah/assets/images/code-bg.png]
[localhost/wp-content/themes/jannah/assets/css/style.mina086.css]
[localhost/wp-content/themes/jannah/assets/css/widgets.mina086.css]
[localhost/wp-content/themes/jannah/assets/fonts/tielabs-fonticon/tielabs-fonticon.eot]
[localhost/wp-content/themes/jannah/assets/fonts/tielabs-fonticon/tielabs-fonticon.woff]
[localhost/wp-content/themes/jannah/assets/fonts/tielabs-fonticon/tielabs-fonticon.ttf]
[localhost/wp-content/themes/jannah/assets/css/helpers.mina086.css]
[localhost/wp-content/themes/jannah/assets/fonts/fontawesome/fa-brands-400.eot]
[localhost/wp-content/themes/jannah/assets/fonts/fontawesome/fa-brands-400.woff2]
[localhost/wp-content/themes/jannah/assets/fonts/fontawesome/fa-brands-400d41d.eot]
[localhost/wp-content/themes/jannah/assets/fonts/fontawesome/fa-brands-400.woff]
[localhost/wp-content/themes/jannah/assets/fonts/fontawesome/fa-brands-400.ttf]
[localhost/wp-content/themes/jannah/assets/fonts/fontawesome/fa-regular-400.eot]
[localhost/wp-content/themes/jannah/assets/fonts/fontawesome/fa-regular-400.woff2]
[localhost/wp-content/themes/jannah/assets/fonts/fontawesome/fa-regular-400.woff]
[localhost/wp-content/themes/jannah/assets/fonts/fontawesome/fa-regular-400d41d.eot]
[localhost/wp-content/themes/jannah/assets/fonts/fontawesome/fa-regular-400.ttf]
[localhost/wp-content/themes/jannah/assets/fonts/fontawesome/fa-solid-900.eot]
[localhost/wp-content/themes/jannah/assets/fonts/fontawesome/fa-solid-900.woff2]
[localhost/wp-content/themes/jannah/assets/fonts/fontawesome/fa-solid-900d41d.eot]
[localhost/wp-content/themes/jannah/assets/fonts/fontawesome/fa-solid-900.woff]
[localhost/wp-content/themes/jannah/assets/fonts/fontawesome/fa-solid-900.ttf]
[localhost/wp-content/themes/jannah/assets/css/fontawesomea086.css]
[localhost/wp-content/themes/jannah/assets/ilightbox/dark-skin/preloader.gif]
[localhost/wp-content/themes/jannah/assets/ilightbox/dark-skin/caption-bg.png]
[localhost/wp-content/themes/jannah/assets/ilightbox/dark-skin/alert.png]
[localhost/wp-content/themes/jannah/assets/ilightbox/dark-skin/buttons.png]
[localhost/wp-content/themes/jannah/assets/ilightbox/dark-skin/fullscreen-icon-64.png]
[localhost/wp-content/themes/jannah/assets/ilightbox/dark-skin/fullscreen-icon-ie.png]
[localhost/wp-content/themes/jannah/assets/ilightbox/dark-skin/x-mark-icon-64.png]
[localhost/wp-content/themes/jannah/assets/ilightbox/dark-skin/x-mark-icon-ie.png]
[localhost/wp-content/themes/jannah/assets/ilightbox/dark-skin/arrow-next-icon-64.png]
[localhost/wp-content/themes/jannah/assets/ilightbox/dark-skin/arrow-next-icon-ie.png]
[localhost/wp-content/themes/jannah/assets/ilightbox/dark-skin/arrow-prev-icon-64.png]
[localhost/wp-content/themes/jannah/assets/ilightbox/dark-skin/arrow-prev-icon-ie.png]
[localhost/wp-content/themes/jannah/assets/ilightbox/dark-skin/play-icon-64.png]
[localhost/wp-content/themes/jannah/assets/ilightbox/dark-skin/play-icon-ie.png]
[localhost/wp-content/themes/jannah/assets/ilightbox/dark-skin/pause-icon-64.png]
[localhost/wp-content/themes/jannah/assets/ilightbox/dark-skin/pause-icon-ie.png]
[localhost/wp-content/themes/jannah/assets/ilightbox/dark-skin/thumb-overlay-play.png]
[localhost/wp-content/themes/jannah/assets/ilightbox/dark-skin/arrow-next-vertical-icon-64.png]
[localhost/wp-content/themes/jannah/assets/ilightbox/dark-skin/arrow-prev-vertical-icon-64.png]
[localhost/wp-content/themes/jannah/assets/ilightbox/dark-skin/skina086.css]
[localhost/wp-content/themes/jannah/assets/css/plugins/shortcodes.mina086.css]
[localhost/wp-content/themes/jannah/rtl.css]
[localhost/wp-json/wp/v2/categories/36.json]
[localhost/category/home/index.html]
[localhost/category/home/feed/index.html]
[localhost/wp-json/wp/v2/categories/39.json]
[localhost/category/news/index.html]
[localhost/category/news/feed/index.html]
[localhost/wp-json/wp/v2/categories/40.json]
[localhost/category/taqafa/index.html]
[localhost/category/taqafa/feed/index.html]
[localhost/wp-json/wp/v2/categories/38.json]
[localhost/category/sport/index.html]
[localhost/category/sport/feed/index.html]
[localhost/wp-json/wp/v2/categories/37.json]
[localhost/category/beauty/index.html]
[localhost/indexa52e.html]
[localhost/category/beauty/feed/index.html]
[localhost/2023/07/24/ia-and-facebook/feed/index.html]
[localhost/wp-json/wp/v2/posts/1116.json]
[localhost/wp-json/oembed/1.0/embedb40e.json]
[localhost/wp-json/oembed/1.0/embedd827]
[localhost/wp-content/themes/jannah/assets/js/single.mina086.js]
[localhost/wp-includes/js/comment-reply.min3781.js]
[localhost/2023/07/24/ia-and-facebook/index.html]
[localhost/wp-json/wp/v2/posts/1113.json]
[localhost/2023/07/24/youtube-and-facebook/feed/index.html]
[localhost/wp-json/oembed/1.0/embed1ee4.json]
[localhost/wp-json/oembed/1.0/embedc55d]
[localhost/2023/07/24/youtube-and-facebook/index.html]
[localhost/wp-json/wp/v2/posts/1110.json]
[localhost/2023/07/24/new-hair-cut/feed/index.html]
[localhost/wp-json/oembed/1.0/embed8aa2.json]
[localhost/wp-json/oembed/1.0/embedd0d8]
[www.sayidaty.net/sites/default/files/inline-images/268290.jpg]
[www.sayidaty.net/sites/default/files/2023-07/268292.jpg]
[www.sayidaty.net/sites/default/files/2023-07/268286.jpg]
[www.sayidaty.net/sites/default/files/2023-07/268289.jpg]
[www.sayidaty.net/sites/default/files/2023-07/268287.jpg]
[www.sayidaty.net/sites/default/files/2023-07/268291.jpg]
[localhost/2023/07/24/new-hair-cut/index.html]
[localhost/2023/07/24/advice-for-people/feed/index.html]
[localhost/wp-json/wp/v2/posts/1107.json]
[localhost/wp-json/oembed/1.0/embed9c8f.json]
[localhost/wp-json/oembed/1.0/embed0f33]
[www.sayidaty.net/sites/default/files/2023-07/267704.jpg]
[www.sayidaty.net/sites/default/files/2023-07/267702.jpg]
[localhost/2023/07/24/advice-for-people/index.html]
[localhost/wp-json/wp/v2/posts/1104.json]
[localhost/2023/07/24/benifites-of-colagine/feed/index.html]
[localhost/wp-json/oembed/1.0/embedd8fa.json]
[localhost/wp-json/oembed/1.0/embed8804]
[beautybynour.com/wp-content/uploads/2021/03/أضرار_وفوائد_حبوب_الكولاجين.jpg]
[beautybynour.com/wp-content/uploads/2021/03/collagen-foods-300x146.jpg]
[localhost/2023/07/24/benifites-of-colagine/index.html]
[localhost/2023/07/23/peolpe-above-50-years/feed/index.html]
[localhost/wp-json/wp/v2/posts/1087.json]
[localhost/wp-json/oembed/1.0/embedd108.json]
[localhost/wp-json/oembed/1.0/embed6c17]
[www.aljamila.com/sites/default/files/users/32296/يونيو 2021/حمية الكيتو 1.jpg]
[www.aljamila.com/sites/default/files/users/32296/يونيو 2021/رجيم مجرب.jpg]
[www.aljamila.com/sites/default/files/users/32296/يونيو 2021/images_0.jpg]
[www.aljamila.com/sites/default/files/users/32296/يونيو 2021/الكركم.jpg]
[www.aljamila.com/sites/default/files/users/32296/يونيو 2021/فيتامين أ.jpg]
[www.aljamila.com/sites/default/files/users/32296/يونيو 2021/انواع-البروتين.jpg]
[localhost/2023/07/23/peolpe-above-50-years/index.html]
[localhost/wp-content/themes/jannah/assets/fonts/tielabs-fonticon/tielabs-fonticon.svg]
[localhost/wp-content/themes/jannah/assets/fonts/fontawesome/fa-brands-400.svg]
[localhost/wp-content/themes/jannah/assets/fonts/fontawesome/fa-regular-400.svg]
[localhost/wp-content/themes/jannah/assets/fonts/fontawesome/fa-solid-900.svg]
[localhost/wp-content/themes/jannah/assets/ilightbox/dark-skin/ilightbox/closedhand.html]
[localhost/category/home/indexa52e.html]
[localhost/category/news/indexa52e.html]
[localhost/category/taqafa/indexa52e.html]
[localhost/category/sport/indexa52e.html]
[localhost/category/beauty/indexa52e.html]
[localhost/wp-includes/css/dist/block-library/style-rtl.min3781.css]
[localhost/wp-includes/css/classic-themes.min3781.css]
[localhost/wp-content/themes/jannah/assets/css/single.mina086.css]
[localhost/wp-content/themes/jannah/assets/css/printa086.css]
[localhost/indexd0f6.html]
[localhost/2023/07/24/ia-and-facebook/indexa52e.html]
[localhost/author/admin/feed/index.html]
[localhost/wp-json/wp/v2/users/1.json]
[localhost/author/admin/index.html]
[localhost/2023/07/24/ia-and-facebook/fb-messenger_/share90f2.html]
[localhost/index5d7e.html]
[localhost/2023/07/24/youtube-and-facebook/indexa52e.html]
[localhost/2023/07/24/youtube-and-facebook/fb-messenger_/sharefe0f.html]
[localhost/indexc3cc.html]
[localhost/2023/07/24/new-hair-cut/indexa52e.html]
[localhost/2023/07/24/new-hair-cut/fb-messenger_/share9a7d.html]
[localhost/index3e52.html]
[localhost/2023/07/24/advice-for-people/indexa52e.html]
[localhost/2023/07/24/advice-for-people/fb-messenger_/share2b4e.html]
[localhost/index994c.html]
[localhost/2023/07/24/benifites-of-colagine/indexa52e.html]
[localhost/2023/07/24/benifites-of-colagine/fb-messenger_/share9792.html]
[localhost/index4413.html]
[localhost/2023/07/23/peolpe-above-50-years/indexa52e.html]
[localhost/2023/07/23/peolpe-above-50-years/fb-messenger_/share3399.html]
[localhost/author/admin/indexa52e.html]
